// Jest Snapshot v1, https://goo.gl/fbAQLP

exports[`Das UI test cases renders the main view 1`] = `ShallowWrapper {}`;

exports[`Dashboard Render UI with banner hidden renders the main view 1`] = `ShallowWrapper {}`;

exports[`Dashboard Render UI with show banner renders the main view 1`] = `ShallowWrapper {}`;

exports[`Dashboard UI test cases renders the main view 1`] = `ShallowWrapper {}`;
