// Jest Snapshot v1, https://goo.gl/fbAQLP

exports[`Login Rendering with hide banner renders the main view 1`] = `ShallowWrapper {}`;

exports[`Login Rendering with show banner renders the main view 1`] = `ShallowWrapper {}`;

exports[`Login UI test cases renders the main view 1`] = `ShallowWrapper {}`;
